
--- Step 1 ---
Request: { email: 'lorraine@hillvalley.edu', phoneNumber: '123456' }
Response: {
  "contact": {
    "primaryContatctId": 1,
    "emails": [
      "lorraine@hillvalley.edu",
      "mcfly@hillvalley.edu"
    ],
    "phoneNumbers": [
      "123456"
    ],
    "secondaryContactIds": [
      2
    ]
  }
}

--- Step 2 ---
Request: { email: 'mcfly@hillvalley.edu', phoneNumber: '123456' }
Response: {
  "contact": {
    "primaryContatctId": 1,
    "emails": [
      "lorraine@hillvalley.edu",
      "mcfly@hillvalley.edu"
    ],
    "phoneNumbers": [
      "123456"
    ],
    "secondaryContactIds": [
      2
    ]
  }
}

--- Step 3 ---
Request: { email: 'george@hillvalley.edu', phoneNumber: '919191' }
Response: {
  "contact": {
    "primaryContatctId": 3,
    "emails": [
      "george@hillvalley.edu",
      "biffsucks@hillvalley.edu"
    ],
    "phoneNumbers": [
      "919191",
      "717171"
    ],
    "secondaryContactIds": [
      4
    ]
  }
}

--- Step 4 ---
Request: { email: 'biffsucks@hillvalley.edu', phoneNumber: '717171' }
Response: {
  "contact": {
    "primaryContatctId": 3,
    "emails": [
      "george@hillvalley.edu",
      "biffsucks@hillvalley.edu"
    ],
    "phoneNumbers": [
      "919191",
      "717171"
    ],
    "secondaryContactIds": [
      4
    ]
  }
}

--- Step 5 ---
Request: { email: 'george@hillvalley.edu', phoneNumber: '717171' }
Response: {
  "contact": {
    "primaryContatctId": 3,
    "emails": [
      "george@hillvalley.edu",
      "biffsucks@hillvalley.edu"
    ],
    "phoneNumbers": [
      "919191",
      "717171"
    ],
    "secondaryContactIds": [
      4
    ]
  }
}

--- Step 6 ---
Request: { email: 'mcfly@hillvalley.edu', phoneNumber: '123456' }
Response: {
  "contact": {
    "primaryContatctId": 1,
    "emails": [
      "lorraine@hillvalley.edu",
      "mcfly@hillvalley.edu"
    ],
    "phoneNumbers": [
      "123456"
    ],
    "secondaryContactIds": [
      2
    ]
  }
}

--- Step 7 ---
Request: { email: 'lorraine@hillvalley.edu', phoneNumber: null }
Response: {
  "contact": {
    "primaryContatctId": 1,
    "emails": [
      "lorraine@hillvalley.edu",
      "mcfly@hillvalley.edu"
    ],
    "phoneNumbers": [
      "123456"
    ],
    "secondaryContactIds": [
      2
    ]
  }
}

Done Tests.
